Copyright 1986-2017 Xilinx, Inc. All Rights Reserved.
------------------------------------------------------------------------------------
| Tool Version : Vivado v.2017.3 (win64) Build 2018833 Wed Oct  4 19:58:22 MDT 2017
| Date         : Mon Dec 18 17:54:16 2017
| Host         : LAPTOP-OE4TGRGL running 64-bit major release  (build 9200)
| Command      : report_control_sets -file MainCPU_control_sets_placed.rpt
| Design       : MainCPU
| Device       : xc7a35t
------------------------------------------------------------------------------------

Control Set Information

Table of Contents
-----------------
1. Summary
2. Flip-Flop Distribution

1. Summary
----------

+-------------------------------+-------+
|             Status            | Count |
+-------------------------------+-------+
| Number of unique control sets |   100 |
+-------------------------------+-------+


2. Flip-Flop Distribution
-------------------------

+--------------+-----------------------+------------------------+-----------------+--------------+
| Clock Enable | Synchronous Set/Reset | Asynchronous Set/Reset | Total Registers | Total Slices |
+--------------+-----------------------+------------------------+-----------------+--------------+
| No           | No                    | No                     |             300 |          118 |
| No           | No                    | Yes                    |              23 |            8 |
| No           | Yes                   | No                     |               0 |            0 |
| Yes          | No                    | No                     |              96 |           48 |
| Yes          | No                    | Yes                    |              39 |           13 |
| Yes          | Yes                   | No                     |            1440 |          708 |
+--------------+-----------------------+------------------------+-----------------+--------------+


